// Jest Snapshot v1, https://goo.gl/fbAQLP

exports[`main page header renders 1`] = `
<div>
  <div>
    <header
      class="header"
    >
      <div
        class="logo"
      >
        <a
          href="http://localhost"
        >
          <img
            alt="SKDE logo"
            class="logo_img"
            src="SKDE_sort.png"
          />
        </a>
      </div>
      <div>
        <a
          href="http://localhost/kontakt"
        >
          Kontakt
        </a>
      </div>
    </header>
  </div>
</div>
`;
