// Jest Snapshot v1, https://goo.gl/fbAQLP

exports[`registry table renders correctly for a single registry 1`] = `
<div>
  <table>
    <thead>
      <tr>
        <th
          class="quality_indicator"
          style="width: 60%; top: 0px;"
        >
          Kvalitetsindikator
        </th>
        <th
          class="selected_unit"
          style="width: 40%; top: 0px;"
        >
          Nasjonalt
        </th>
      </tr>
    </thead>
    <tbody />
  </table>
</div>
`;
